R-MAIN-QUANTIFIERS: PASS
R-EXACT-RANDOM-LAW: PASS
R-MATRIX-ORDER: PASS
R-BOTH-SPECTRAL-EDGES: PASS
R-SIGNED-TRACE: PASS
R-I35-CONDITIONAL-COUPLING: PASS
R-I16-I19-MOMENT-SCOPE: PASS
R-I08-NONEMPTY: PASS
R-L2-NORM-SCOPE: PASS
R-GRAPH-ORIENTATION: PASS
R-I04-ADJACENT-RANK-CUT: PASS
R-I35-THREE-CATEGORY-ORDER: PASS
R-I07-RANK-EDGE-SPLIT: PASS
R-I05-BRIDGELESS-DAG: PASS
R-JOINT-ENTRY-REINDEX: PASS
R-SIGNED-TRACE-SUMMATION: PASS
R-TRACE-CYCLIC-EXPANSION: PASS
R-SIGNED-TRACE-EXPANSION: PASS
R-I20-CONTRACTED-CORE-CLOSURE: PASS
Historical structural guards: 19/19 PASS (source markers only)
